../APP/Src/app_log.c:59:13:stdout_callback	48	static
../APP/Src/app_log.c:78:13:file_callback	96	static
../APP/Src/app_log.c:90:13:lock	8	static
../APP/Src/app_log.c:95:13:unlock	8	static
../APP/Src/app_log.c:100:13:log_level_string	16	static
../APP/Src/app_log.c:105:6:log_set_lock	16	static
../APP/Src/app_log.c:111:6:log_set_level	16	static
../APP/Src/app_log.c:116:6:log_set_quiet	16	static
../APP/Src/app_log.c:121:5:log_add_callback	40	static
../APP/Src/app_log.c:132:5:log_add_fp	16	static
../APP/Src/app_log.c:137:13:init_event	24	static
../APP/Src/app_log.c:146:6:log_log	68	static
